#-----------------------------------------------------------
# Vivado v2024.1 (64-bit)
# SW Build 5076996 on Wed May 22 18:36:09 MDT 2024
# IP Build 5075265 on Wed May 22 21:45:21 MDT 2024
# SharedData Build 5076995 on Wed May 22 18:29:18 MDT 2024
# Start of session at: Tue Sep 24 21:46:47 2024
# Process ID: 172785
# Current directory: /home/skravitz/project_1/project_1.runs/impl_1
# Command line: vivado -log design_1_wrapper.vdi -applog -product Vivado -messageDb vivado.pb -mode batch -source design_1_wrapper.tcl -notrace
# Log file: /home/skravitz/project_1/project_1.runs/impl_1/design_1_wrapper.vdi
# Journal file: /home/skravitz/project_1/project_1.runs/impl_1/vivado.jou
# Running On        :eecs-digital-28
# Platform          :Ubuntu
# Operating System  :Ubuntu 24.04.1 LTS
# Processor Detail  :13th Gen Intel(R) Core(TM) i7-13700
# CPU Frequency     :3351.317 MHz
# CPU Physical cores:16
# CPU Logical cores :24
# Host memory       :33324 MB
# Swap memory       :8589 MB
# Total Virtual     :41914 MB
# Available Virtual :33771 MB
#-----------------------------------------------------------
source design_1_wrapper.tcl -notrace
